0 verbose cli C:\Program Files\nodejs\node.exe C:\Users\dev-tra\AppData\Roaming\npm\node_modules\npm\bin\npm-cli.js
1 info using npm@11.4.0
2 info using node@v22.14.0
3 silly config load:file:C:\Users\dev-tra\AppData\Roaming\npm\node_modules\npm\npmrc
4 silly config load:file:C:\CODE PROJECT\Tool Make\tool-gsuite-edu\Server\.npmrc
5 silly config load:file:C:\Users\dev-tra\.npmrc
6 silly config load:file:C:\Users\dev-tra\AppData\Roaming\npm\etc\npmrc
7 verbose title npm install xlsx
8 verbose argv "install" "xlsx"
9 verbose logfile logs-max:10 dir:C:\CODE PROJECT\Tool Make\tool-gsuite-edu\Server\.npm-cache\_logs\2025-10-29T10_37_04_392Z-
10 verbose logfile C:\CODE PROJECT\Tool Make\tool-gsuite-edu\Server\.npm-cache\_logs\2025-10-29T10_37_04_392Z-debug-0.log
11 silly logfile done cleaning log files
12 silly packumentCache heap:4345298944 maxSize:1086324736 maxEntrySize:543162368
13 silly idealTree buildDeps
14 silly fetch manifest xlsx@*
15 silly packumentCache full:https://registry.npmjs.org/xlsx cache-miss
16 http fetch GET 200 https://registry.npmjs.org/xlsx 348ms (cache miss)
17 silly packumentCache full:https://registry.npmjs.org/xlsx set size:undefined disposed:false
18 silly placeDep ROOT xlsx@0.18.5 OK for: tool-gsuite@1.0.0 want: *
19 silly fetch manifest cfb@~1.2.1
20 silly packumentCache full:https://registry.npmjs.org/cfb cache-miss
21 silly fetch manifest ssf@~0.11.2
22 silly packumentCache full:https://registry.npmjs.org/ssf cache-miss
23 silly fetch manifest wmf@~1.0.1
24 silly packumentCache full:https://registry.npmjs.org/wmf cache-miss
25 silly fetch manifest word@~0.3.0
26 silly packumentCache full:https://registry.npmjs.org/word cache-miss
27 silly fetch manifest crc-32@~1.2.1
28 silly packumentCache full:https://registry.npmjs.org/crc-32 cache-miss
29 silly fetch manifest adler-32@~1.3.0
30 silly packumentCache full:https://registry.npmjs.org/adler-32 cache-miss
31 silly fetch manifest codepage@~1.15.0
32 silly packumentCache full:https://registry.npmjs.org/codepage cache-miss
33 http fetch GET 200 https://registry.npmjs.org/cfb 96ms (cache miss)
34 silly packumentCache full:https://registry.npmjs.org/cfb set size:undefined disposed:false
35 http fetch GET 200 https://registry.npmjs.org/ssf 273ms (cache miss)
36 silly packumentCache full:https://registry.npmjs.org/ssf set size:undefined disposed:false
37 http fetch GET 200 https://registry.npmjs.org/word 276ms (cache miss)
38 silly packumentCache full:https://registry.npmjs.org/word set size:undefined disposed:false
39 http fetch GET 200 https://registry.npmjs.org/crc-32 279ms (cache miss)
40 silly packumentCache full:https://registry.npmjs.org/crc-32 set size:undefined disposed:false
41 http fetch GET 200 https://registry.npmjs.org/codepage 281ms (cache miss)
42 silly packumentCache full:https://registry.npmjs.org/codepage set size:undefined disposed:false
43 http fetch GET 200 https://registry.npmjs.org/wmf 288ms (cache miss)
44 silly packumentCache full:https://registry.npmjs.org/wmf set size:undefined disposed:false
45 http fetch GET 200 https://registry.npmjs.org/adler-32 295ms (cache miss)
46 silly packumentCache full:https://registry.npmjs.org/adler-32 set size:undefined disposed:false
47 silly placeDep ROOT adler-32@1.3.1 OK for: xlsx@0.18.5 want: ~1.3.0
48 silly placeDep ROOT cfb@1.2.2 OK for: xlsx@0.18.5 want: ~1.2.1
49 silly placeDep ROOT codepage@1.15.0 OK for: xlsx@0.18.5 want: ~1.15.0
50 silly placeDep ROOT crc-32@1.2.2 OK for: xlsx@0.18.5 want: ~1.2.1
51 silly placeDep ROOT ssf@0.11.2 OK for: xlsx@0.18.5 want: ~0.11.2
52 silly placeDep ROOT wmf@1.0.2 OK for: xlsx@0.18.5 want: ~1.0.1
53 silly placeDep ROOT word@0.3.0 OK for: xlsx@0.18.5 want: ~0.3.0
54 silly fetch manifest crc-32@~1.2.0
55 silly packumentCache full:https://registry.npmjs.org/crc-32 cache-miss
56 silly fetch manifest frac@~1.1.2
57 silly packumentCache full:https://registry.npmjs.org/frac cache-miss
58 http cache https://registry.npmjs.org/crc-32 11ms (cache hit)
59 silly packumentCache full:https://registry.npmjs.org/crc-32 set size:32170 disposed:false
60 http fetch GET 200 https://registry.npmjs.org/frac 111ms (cache miss)
61 silly packumentCache full:https://registry.npmjs.org/frac set size:undefined disposed:false
62 silly placeDep ROOT frac@1.1.2 OK for: ssf@0.11.2 want: ~1.1.2
63 silly reify moves {}
64 silly audit bulk request {
64 silly audit   '@ant-design/colors': [ '8.0.0', '7.2.1' ],
64 silly audit   '@ant-design/cssinjs': [ '1.24.0' ],
64 silly audit   '@ant-design/cssinjs-utils': [ '1.1.3' ],
64 silly audit   '@ant-design/fast-color': [ '3.0.0', '2.0.6' ],
64 silly audit   '@ant-design/icons': [ '6.1.0', '5.6.1' ],
64 silly audit   '@ant-design/icons-svg': [ '4.4.2' ],
64 silly audit   '@ant-design/react-slick': [ '1.1.2' ],
64 silly audit   '@babel/code-frame': [ '7.27.1' ],
64 silly audit   '@babel/helper-validator-identifier': [ '7.27.1' ],
64 silly audit   '@babel/runtime': [ '7.28.4' ],
64 silly audit   '@emotion/hash': [ '0.8.0' ],
64 silly audit   '@emotion/unitless': [ '0.7.5' ],
64 silly audit   '@mongodb-js/saslprep': [ '1.3.2' ],
64 silly audit   '@puppeteer/browsers': [ '2.10.12' ],
64 silly audit   '@rc-component/async-validator': [ '5.0.4' ],
64 silly audit   '@rc-component/color-picker': [ '2.0.1' ],
64 silly audit   '@rc-component/context': [ '1.4.0' ],
64 silly audit   '@rc-component/mini-decimal': [ '1.1.0' ],
64 silly audit   '@rc-component/mutate-observer': [ '1.1.0' ],
64 silly audit   '@rc-component/portal': [ '1.1.2' ],
64 silly audit   '@rc-component/qrcode': [ '1.0.1' ],
64 silly audit   '@rc-component/tour': [ '1.15.1' ],
64 silly audit   '@rc-component/trigger': [ '2.3.0' ],
64 silly audit   '@rc-component/util': [ '1.3.0' ],
64 silly audit   '@tootallnate/quickjs-emscripten': [ '0.23.0' ],
64 silly audit   '@types/node': [ '24.8.1' ],
64 silly audit   '@types/webidl-conversions': [ '7.0.3' ],
64 silly audit   '@types/whatwg-url': [ '11.0.5' ],
64 silly audit   '@types/yauzl': [ '2.10.3' ],
64 silly audit   accepts: [ '2.0.0' ],
64 silly audit   'agent-base': [ '7.1.4', '6.0.2' ],
64 silly audit   'ansi-regex': [ '5.0.1' ],
64 silly audit   'ansi-styles': [ '4.3.0' ],
64 silly audit   antd: [ '5.27.4' ],
64 silly audit   anymatch: [ '3.1.3' ],
64 silly audit   argparse: [ '2.0.1' ],
64 silly audit   'ast-types': [ '0.13.4' ],
64 silly audit   asynckit: [ '0.4.0' ],
64 silly audit   axios: [ '1.12.2' ],
64 silly audit   b4a: [ '1.7.3' ],
64 silly audit   'balanced-match': [ '1.0.2' ],
64 silly audit   'bare-events': [ '2.8.0' ],
64 silly audit   'bare-fs': [ '4.4.11' ],
64 silly audit   'bare-os': [ '3.6.2' ],
64 silly audit   'bare-path': [ '3.0.0' ],
64 silly audit   'bare-stream': [ '2.7.0' ],
64 silly audit   'bare-url': [ '2.3.0' ],
64 silly audit   'base64-js': [ '1.5.1' ],
64 silly audit   'basic-auth': [ '2.0.1' ],
64 silly audit   'safe-buffer': [ '5.1.2', '5.2.1' ],
64 silly audit   'basic-ftp': [ '5.0.5' ],
64 silly audit   'bignumber.js': [ '9.3.1' ],
64 silly audit   'binary-extensions': [ '2.3.0' ],
64 silly audit   'body-parser': [ '2.2.0' ],
64 silly audit   'brace-expansion': [ '1.1.12' ],
64 silly audit   braces: [ '3.0.3' ],
64 silly audit   bson: [ '6.10.4' ],
64 silly audit   'buffer-crc32': [ '0.2.13' ],
64 silly audit   'buffer-equal-constant-time': [ '1.0.1' ],
64 silly audit   bytes: [ '3.1.2' ],
64 silly audit   'call-bind-apply-helpers': [ '1.0.2' ],
64 silly audit   'call-bound': [ '1.0.4' ],
64 silly audit   callsites: [ '3.1.0' ],
64 silly audit   chokidar: [ '3.6.0' ],
64 silly audit   'chromium-bidi': [ '9.1.0' ],
64 silly audit   classnames: [ '2.5.1' ],
64 silly audit   cliui: [ '8.0.1' ],
64 silly audit   clsx: [ '2.1.1' ],
64 silly audit   'color-convert': [ '2.0.1' ],
64 silly audit   'color-name': [ '1.1.4' ],
64 silly audit   'combined-stream': [ '1.0.8' ],
64 silly audit   'compute-scroll-into-view': [ '3.1.1' ],
64 silly audit   'concat-map': [ '0.0.1' ],
64 silly audit   'content-disposition': [ '1.0.0' ],
64 silly audit   'content-type': [ '1.0.5' ],
64 silly audit   cookie: [ '0.7.2' ],
64 silly audit   'cookie-signature': [ '1.2.2' ],
64 silly audit   'copy-to-clipboard': [ '3.3.3' ],
64 silly audit   cors: [ '2.8.5' ],
64 silly audit   cosmiconfig: [ '9.0.0' ],
64 silly audit   csstype: [ '3.1.3' ],
64 silly audit   'data-uri-to-buffer': [ '4.0.1', '6.0.2' ],
64 silly audit   dayjs: [ '1.11.18' ],
64 silly audit   debug: [ '4.4.3', '2.6.9' ],
64 silly audit   degenerator: [ '5.0.1' ],
64 silly audit   'delayed-stream': [ '1.0.0' ],
64 silly audit   depd: [ '2.0.0' ],
64 silly audit   'devtools-protocol': [ '0.0.1508733' ],
64 silly audit   dotenv: [ '17.2.3' ],
64 silly audit   'dunder-proto': [ '1.0.1' ],
64 silly audit   'ecdsa-sig-formatter': [ '1.0.11' ],
64 silly audit   'ee-first': [ '1.1.1' ],
64 silly audit   'emoji-regex': [ '8.0.0' ],
64 silly audit   encodeurl: [ '2.0.0' ],
64 silly audit   'end-of-stream': [ '1.4.5' ],
64 silly audit   'env-paths': [ '2.2.1' ],
64 silly audit   'error-ex': [ '1.3.4' ],
64 silly audit   'es-define-property': [ '1.0.1' ],
64 silly audit   'es-errors': [ '1.3.0' ],
64 silly audit   'es-object-atoms': [ '1.1.1' ],
64 silly audit   'es-set-tostringtag': [ '2.1.0' ],
64 silly audit   escalade: [ '3.2.0' ],
64 silly audit   'escape-html': [ '1.0.3' ],
64 silly audit   escodegen: [ '2.1.0' ],
64 silly audit   esprima: [ '4.0.1' ],
64 silly audit   estraverse: [ '5.3.0' ],
64 silly audit   esutils: [ '2.0.3' ],
64 silly audit   etag: [ '1.8.1' ],
64 silly audit   'events-universal': [ '1.0.1' ],
64 silly audit   express: [ '5.1.0' ],
64 silly audit   extend: [ '3.0.2' ],
64 silly audit   'extract-zip': [ '2.0.1' ],
64 silly audit   'fast-fifo': [ '1.3.2' ],
64 silly audit   'fd-slicer': [ '1.1.0' ],
64 silly audit   'fetch-blob': [ '3.2.0' ],
64 silly audit   'fill-range': [ '7.1.1' ],
64 silly audit   finalhandler: [ '2.1.0' ],
64 silly audit   'follow-redirects': [ '1.15.11' ],
64 silly audit   'form-data': [ '4.0.4' ],
64 silly audit   'mime-db': [ '1.52.0', '1.54.0' ],
64 silly audit   'mime-types': [ '2.1.35', '3.0.1' ],
64 silly audit   'formdata-polyfill': [ '4.0.10' ],
64 silly audit   forwarded: [ '0.2.0' ],
64 silly audit   fresh: [ '2.0.0' ],
64 silly audit   fsevents: [ '2.3.3' ],
64 silly audit   'function-bind': [ '1.1.2' ],
64 silly audit   gaxios: [ '7.1.2', '5.1.3' ],
64 silly audit   'gcp-metadata': [ '7.0.1', '5.3.0' ],
64 silly audit   'get-caller-file': [ '2.0.5' ],
64 silly audit   'get-intrinsic': [ '1.3.0' ],
64 silly audit   'get-proto': [ '1.0.1' ],
64 silly audit   'get-stream': [ '5.2.0' ],
64 silly audit   'get-uri': [ '6.0.5' ],
64 silly audit   'glob-parent': [ '5.1.2' ],
64 silly audit   'google-auth-library': [ '10.4.0' ],
64 silly audit   'google-logging-utils': [ '1.1.1' ],
64 silly audit   googleapis: [ '162.0.0' ],
64 silly audit   'googleapis-common': [ '8.0.0' ],
64 silly audit   gopd: [ '1.2.0' ],
64 silly audit   gtoken: [ '8.0.0' ],
64 silly audit   'has-flag': [ '3.0.0' ],
64 silly audit   'has-symbols': [ '1.1.0' ],
64 silly audit   'has-tostringtag': [ '1.0.2' ],
64 silly audit   hasown: [ '2.0.2' ],
64 silly audit   helmet: [ '8.1.0' ],
64 silly audit   'http-errors': [ '2.0.0' ],
64 silly audit   statuses: [ '2.0.1', '2.0.2' ],
64 silly audit   'http-proxy-agent': [ '7.0.2' ],
64 silly audit   'https-proxy-agent': [ '7.0.6', '5.0.1' ],
64 silly audit   'iconv-lite': [ '0.6.3', '0.7.0' ],
64 silly audit   'ignore-by-default': [ '1.0.1' ],
64 silly audit   'import-fresh': [ '3.3.1' ],
64 silly audit   inherits: [ '2.0.4' ],
64 silly audit   'ip-address': [ '10.0.1' ],
64 silly audit   'ipaddr.js': [ '1.9.1' ],
64 silly audit   'is-arrayish': [ '0.2.1' ],
64 silly audit   'is-binary-path': [ '2.1.0' ],
64 silly audit   'is-extglob': [ '2.1.1' ],
64 silly audit   'is-fullwidth-code-point': [ '3.0.0' ],
64 silly audit   'is-glob': [ '4.0.3' ],
64 silly audit   'is-mobile': [ '5.0.0' ],
64 silly audit   'is-number': [ '7.0.0' ],
64 silly audit   'is-promise': [ '4.0.0' ],
64 silly audit   'is-stream': [ '2.0.1' ],
64 silly audit   'js-tokens': [ '4.0.0' ],
64 silly audit   'js-yaml': [ '4.1.0' ],
64 silly audit   'json-bigint': [ '1.0.0' ],
64 silly audit   'json-parse-even-better-errors': [ '2.3.1' ],
64 silly audit   json2mq: [ '0.2.0' ],
64 silly audit   jwa: [ '2.0.1' ],
64 silly audit   jws: [ '4.0.0' ],
64 silly audit   kareem: [ '2.6.3' ],
64 silly audit   'lines-and-columns': [ '1.2.4' ],
64 silly audit   'lru-cache': [ '7.18.3' ],
64 silly audit   'math-intrinsics': [ '1.1.0' ],
64 silly audit   'media-typer': [ '1.1.0' ],
64 silly audit   'memory-pager': [ '1.5.0' ],
64 silly audit   'merge-descriptors': [ '2.0.0' ],
64 silly audit   minimatch: [ '3.1.2' ],
64 silly audit   mitt: [ '3.0.1' ],
64 silly audit   'mongodb-connection-string-url': [ '3.0.2' ],
64 silly audit   mongoose: [ '8.19.1' ],
64 silly audit   mongodb: [ '6.20.0' ],
64 silly audit   'node-fetch': [ '2.7.0', '3.3.2' ],
64 silly audit   tr46: [ '0.0.3', '5.1.1' ],
64 silly audit   'webidl-conversions': [ '3.0.1', '7.0.0' ],
64 silly audit   'whatwg-url': [ '5.0.0', '14.2.0' ],
64 silly audit   morgan: [ '1.10.1' ],
64 silly audit   ms: [ '2.0.0', '2.1.3' ],
64 silly audit   'on-finished': [ '2.3.0', '2.4.1' ],
64 silly audit   mpath: [ '0.9.0' ],
64 silly audit   mquery: [ '5.0.0' ],
64 silly audit   negotiator: [ '1.0.0' ],
64 silly audit   netmask: [ '2.0.2' ],
64 silly audit   'node-domexception': [ '1.0.0' ],
64 silly audit   nodemon: [ '3.1.10' ],
64 silly audit   'normalize-path': [ '3.0.0' ],
64 silly audit   'object-assign': [ '4.1.1' ],
64 silly audit   'object-inspect': [ '1.13.4' ],
64 silly audit   'on-headers': [ '1.1.0' ],
64 silly audit   once: [ '1.4.0' ],
64 silly audit   'pac-proxy-agent': [ '7.2.0' ],
64 silly audit   'pac-resolver': [ '7.0.1' ],
64 silly audit   'parent-module': [ '1.0.1' ],
64 silly audit   'parse-json': [ '5.2.0' ],
64 silly audit   parseurl: [ '1.3.3' ],
64 silly audit   'path-to-regexp': [ '8.3.0' ],
64 silly audit   pend: [ '1.2.0' ],
64 silly audit   picocolors: [ '1.1.1' ],
64 silly audit   picomatch: [ '2.3.1' ],
64 silly audit   progress: [ '2.0.3' ],
64 silly audit   'proxy-addr': [ '2.0.7' ],
64 silly audit   'proxy-agent': [ '6.5.0' ],
64 silly audit   'proxy-from-env': [ '1.1.0' ],
64 silly audit   'pstree.remy': [ '1.1.8' ],
64 silly audit   pump: [ '3.0.3' ],
64 silly audit   punycode: [ '2.3.1' ],
64 silly audit   puppeteer: [ '24.25.0' ],
64 silly audit   'puppeteer-core': [ '24.25.0' ],
64 silly audit   qs: [ '6.14.0' ],
64 silly audit   'range-parser': [ '1.2.1' ],
64 silly audit   'raw-body': [ '3.0.1' ],
64 silly audit   'rc-cascader': [ '3.34.0' ],
64 silly audit   'rc-checkbox': [ '3.5.0' ],
64 silly audit   'rc-collapse': [ '3.9.0' ],
64 silly audit   'rc-dialog': [ '9.6.0' ],
64 silly audit   'rc-drawer': [ '7.3.0' ],
64 silly audit   'rc-dropdown': [ '4.2.1' ],
64 silly audit   'rc-field-form': [ '2.7.0' ],
64 silly audit   'rc-image': [ '7.12.0' ],
64 silly audit   'rc-input': [ '1.8.0' ],
64 silly audit   'rc-input-number': [ '9.5.0' ],
64 silly audit   'rc-mentions': [ '2.20.0' ],
64 silly audit   'rc-menu': [ '9.16.1' ],
64 silly audit   'rc-motion': [ '2.9.5' ],
64 silly audit   'rc-notification': [ '5.6.4' ],
64 silly audit   'rc-overflow': [ '1.4.1' ],
64 silly audit   'rc-pagination': [ '5.1.0' ],
64 silly audit   'rc-picker': [ '4.11.3' ],
64 silly audit   'rc-progress': [ '4.0.0' ],
64 silly audit   'rc-rate': [ '2.13.1' ],
64 silly audit   'rc-resize-observer': [ '1.4.3' ],
64 silly audit   'rc-segmented': [ '2.7.0' ],
64 silly audit   'rc-select': [ '14.16.8' ],
64 silly audit   'rc-slider': [ '11.1.9' ],
64 silly audit   'rc-steps': [ '6.0.1' ],
64 silly audit   'rc-switch': [ '4.1.0' ],
64 silly audit   'rc-table': [ '7.53.1' ],
64 silly audit   'rc-tabs': [ '15.7.0' ],
64 silly audit   'rc-textarea': [ '1.10.2' ],
64 silly audit   'rc-tooltip': [ '6.4.0' ],
64 silly audit   'rc-tree': [ '5.13.1' ],
64 silly audit   'rc-tree-select': [ '5.27.0' ],
64 silly audit   'rc-upload': [ '4.9.2' ],
64 silly audit   'rc-util': [ '5.44.4' ],
64 silly audit   'rc-virtual-list': [ '3.19.2' ],
64 silly audit   react: [ '19.2.0' ],
64 silly audit   'react-dom': [ '19.2.0' ],
64 silly audit   'react-is': [ '18.3.1' ],
64 silly audit   readdirp: [ '3.6.0' ],
64 silly audit   'require-directory': [ '2.1.1' ],
64 silly audit   'resize-observer-polyfill': [ '1.5.1' ],
64 silly audit   'resolve-from': [ '4.0.0' ],
64 silly audit   router: [ '2.2.0' ],
64 silly audit   'safer-buffer': [ '2.1.2' ],
64 silly audit   scheduler: [ '0.27.0' ],
64 silly audit   'scroll-into-view-if-needed': [ '3.1.0' ],
64 silly audit   semver: [ '7.7.3' ],
64 silly audit   send: [ '1.2.0' ],
64 silly audit   'serve-static': [ '2.2.0' ],
64 silly audit   setprototypeof: [ '1.2.0' ],
64 silly audit   'side-channel': [ '1.1.0' ],
64 silly audit   'side-channel-list': [ '1.0.0' ],
64 silly audit   'side-channel-map': [ '1.0.1' ],
64 silly audit   'side-channel-weakmap': [ '1.0.2' ],
64 silly audit   sift: [ '17.1.3' ],
64 silly audit   'simple-update-notifier': [ '2.0.0' ],
64 silly audit   'smart-buffer': [ '4.2.0' ],
64 silly audit   socks: [ '2.8.7' ],
64 silly audit   'socks-proxy-agent': [ '8.0.5' ],
64 silly audit   'source-map': [ '0.6.1' ],
64 silly audit   'sparse-bitfield': [ '3.0.3' ],
64 silly audit   streamx: [ '2.23.0' ],
64 silly audit   'string-convert': [ '0.2.1' ],
64 silly audit   'string-width': [ '4.2.3' ],
64 silly audit   'strip-ansi': [ '6.0.1' ],
64 silly audit   stylis: [ '4.3.6' ],
64 silly audit   'supports-color': [ '5.5.0' ],
64 silly audit   'tar-fs': [ '3.1.1' ],
64 silly audit   'tar-stream': [ '3.1.7' ],
64 silly audit   'text-decoder': [ '1.2.3' ],
64 silly audit   'throttle-debounce': [ '5.0.2' ],
64 silly audit   'to-regex-range': [ '5.0.1' ],
64 silly audit   'toggle-selection': [ '1.0.6' ],
64 silly audit   toidentifier: [ '1.0.1' ],
64 silly audit   touch: [ '3.1.1' ],
64 silly audit   tslib: [ '2.8.1' ],
64 silly audit   'type-is': [ '2.0.1' ],
64 silly audit   'typed-query-selector': [ '2.12.0' ],
64 silly audit   undefsafe: [ '2.0.5' ],
64 silly audit   'undici-types': [ '7.14.0' ],
64 silly audit   unpipe: [ '1.0.0' ],
64 silly audit   'url-template': [ '2.0.8' ],
64 silly audit   vary: [ '1.1.2' ],
64 silly audit   'web-streams-polyfill': [ '3.3.3' ],
64 silly audit   'webdriver-bidi-protocol': [ '0.3.7' ],
64 silly audit   'wrap-ansi': [ '7.0.0' ],
64 silly audit   wrappy: [ '1.0.2' ],
64 silly audit   ws: [ '8.18.3' ],
64 silly audit   y18n: [ '5.0.8' ],
64 silly audit   yargs: [ '17.7.2' ],
64 silly audit   'yargs-parser': [ '21.1.1' ],
64 silly audit   yauzl: [ '2.10.0' ],
64 silly audit   zod: [ '3.25.76' ],
64 silly audit   xlsx: [ '0.18.5' ],
64 silly audit   'adler-32': [ '1.3.1' ],
64 silly audit   cfb: [ '1.2.2' ],
64 silly audit   codepage: [ '1.15.0' ],
64 silly audit   'crc-32': [ '1.2.2' ],
64 silly audit   ssf: [ '0.11.2' ],
64 silly audit   wmf: [ '1.0.2' ],
64 silly audit   word: [ '0.3.0' ],
64 silly audit   frac: [ '1.1.2' ]
64 silly audit }
65 http cache frac@https://registry.npmjs.org/frac/-/frac-1.1.2.tgz 0ms (cache hit)
66 http cache wmf@https://registry.npmjs.org/wmf/-/wmf-1.0.2.tgz 0ms (cache hit)
67 http cache ssf@https://registry.npmjs.org/ssf/-/ssf-0.11.2.tgz 0ms (cache hit)
68 http cache word@https://registry.npmjs.org/word/-/word-0.3.0.tgz 0ms (cache hit)
69 http cache codepage@https://registry.npmjs.org/codepage/-/codepage-1.15.0.tgz 0ms (cache hit)
70 http cache crc-32@https://registry.npmjs.org/crc-32/-/crc-32-1.2.2.tgz 0ms (cache hit)
71 http cache cfb@https://registry.npmjs.org/cfb/-/cfb-1.2.2.tgz 0ms (cache hit)
72 http cache adler-32@https://registry.npmjs.org/adler-32/-/adler-32-1.3.1.tgz 0ms (cache hit)
73 silly tarball no local data for frac@https://registry.npmjs.org/frac/-/frac-1.1.2.tgz. Extracting by manifest.
74 silly tarball no local data for wmf@https://registry.npmjs.org/wmf/-/wmf-1.0.2.tgz. Extracting by manifest.
75 silly tarball no local data for ssf@https://registry.npmjs.org/ssf/-/ssf-0.11.2.tgz. Extracting by manifest.
76 silly tarball no local data for word@https://registry.npmjs.org/word/-/word-0.3.0.tgz. Extracting by manifest.
77 silly tarball no local data for codepage@https://registry.npmjs.org/codepage/-/codepage-1.15.0.tgz. Extracting by manifest.
78 http cache xlsx@https://registry.npmjs.org/xlsx/-/xlsx-0.18.5.tgz 0ms (cache hit)
79 silly tarball no local data for crc-32@https://registry.npmjs.org/crc-32/-/crc-32-1.2.2.tgz. Extracting by manifest.
80 silly tarball no local data for cfb@https://registry.npmjs.org/cfb/-/cfb-1.2.2.tgz. Extracting by manifest.
81 silly tarball no local data for adler-32@https://registry.npmjs.org/adler-32/-/adler-32-1.3.1.tgz. Extracting by manifest.
82 silly tarball no local data for xlsx@https://registry.npmjs.org/xlsx/-/xlsx-0.18.5.tgz. Extracting by manifest.
83 http fetch GET 200 https://registry.npmjs.org/word/-/word-0.3.0.tgz 125ms (cache miss)
84 http fetch GET 200 https://registry.npmjs.org/crc-32/-/crc-32-1.2.2.tgz 129ms (cache miss)
85 http fetch GET 200 https://registry.npmjs.org/frac/-/frac-1.1.2.tgz 132ms (cache miss)
86 http fetch GET 200 https://registry.npmjs.org/ssf/-/ssf-0.11.2.tgz 138ms (cache miss)
87 http fetch GET 200 https://registry.npmjs.org/wmf/-/wmf-1.0.2.tgz 148ms (cache miss)
88 http fetch GET 200 https://registry.npmjs.org/adler-32/-/adler-32-1.3.1.tgz 241ms (cache miss)
89 http fetch POST 200 https://registry.npmjs.org/-/npm/v1/security/advisories/bulk 255ms
90 silly audit report {
90 silly audit report   xlsx: [
90 silly audit report     {
90 silly audit report       id: 1108110,
90 silly audit report       url: 'https://github.com/advisories/GHSA-4r6h-8v6p-xvw6',
90 silly audit report       title: 'Prototype Pollution in sheetJS',
90 silly audit report       severity: 'high',
90 silly audit report       vulnerable_versions: '<0.19.3',
90 silly audit report       cwe: [Array],
90 silly audit report       cvss: [Object]
90 silly audit report     },
90 silly audit report     {
90 silly audit report       id: 1108111,
90 silly audit report       url: 'https://github.com/advisories/GHSA-5pgg-2g8v-p4x9',
90 silly audit report       title: 'SheetJS Regular Expression Denial of Service (ReDoS)',
90 silly audit report       severity: 'high',
90 silly audit report       vulnerable_versions: '<0.20.2',
90 silly audit report       cwe: [Array],
90 silly audit report       cvss: [Object]
90 silly audit report     }
90 silly audit report   ]
90 silly audit report }
91 silly packumentCache corgi:https://registry.npmjs.org/xlsx cache-miss
92 http fetch GET 200 https://registry.npmjs.org/cfb/-/cfb-1.2.2.tgz 289ms (cache miss)
93 http fetch GET 200 https://registry.npmjs.org/xlsx 103ms (cache miss)
94 silly packumentCache corgi:https://registry.npmjs.org/xlsx set size:undefined disposed:false
95 http fetch GET 200 https://registry.npmjs.org/codepage/-/codepage-1.15.0.tgz 424ms (cache miss)
96 http fetch GET 200 https://registry.npmjs.org/xlsx/-/xlsx-0.18.5.tgz 540ms (cache miss)
97 silly ADD node_modules/frac
98 silly ADD node_modules/word
99 silly ADD node_modules/wmf
100 silly ADD node_modules/ssf
101 silly ADD node_modules/crc-32
102 silly ADD node_modules/codepage
103 silly ADD node_modules/cfb
104 silly ADD node_modules/adler-32
105 silly ADD node_modules/xlsx
106 verbose cwd C:\CODE PROJECT\Tool Make\tool-gsuite-edu\Server
107 verbose os Windows_NT 10.0.26100
108 verbose node v22.14.0
109 verbose npm  v11.4.0
110 verbose exit 0
111 info ok
