0 verbose cli C:\Program Files\nodejs\node.exe C:\Users\dev-tra\AppData\Roaming\npm\node_modules\npm\bin\npm-cli.js
1 info using npm@11.4.0
2 info using node@v22.14.0
3 silly config load:file:C:\Users\dev-tra\AppData\Roaming\npm\node_modules\npm\npmrc
4 silly config load:file:C:\CODE PROJECT\Tool Make\tool-gsuite-edu\Client\.npmrc
5 silly config load:file:C:\Users\dev-tra\.npmrc
6 silly config load:file:C:\Users\dev-tra\AppData\Roaming\npm\etc\npmrc
7 verbose title npm exec rimraf node_modules
8 verbose argv "exec" "--yes" "--" "rimraf" "node_modules"
9 verbose logfile logs-max:10 dir:C:\CODE PROJECT\Tool Make\tool-gsuite-edu\Client\.npm-cache\_logs\2025-10-29T10_28_18_094Z-
10 verbose logfile C:\CODE PROJECT\Tool Make\tool-gsuite-edu\Client\.npm-cache\_logs\2025-10-29T10_28_18_094Z-debug-0.log
11 silly logfile start cleaning logs, removing 1 files
12 silly logfile done cleaning log files
13 silly packumentCache heap:4345298944 maxSize:1086324736 maxEntrySize:543162368
14 verbose shrinkwrap failed to load node_modules/.package-lock.json out of date, updated: node_modules
15 http fetch GET 200 https://registry.npmjs.org/rimraf 291ms (cache miss)
16 silly packumentCache heap:4345298944 maxSize:1086324736 maxEntrySize:543162368
17 silly packumentCache heap:4345298944 maxSize:1086324736 maxEntrySize:543162368
18 silly idealTree buildDeps
19 silly fetch manifest rimraf@6.0.1
20 silly packumentCache full:https://registry.npmjs.org/rimraf cache-miss
21 http fetch GET 200 https://registry.npmjs.org/rimraf 96ms (cache miss)
22 silly packumentCache full:https://registry.npmjs.org/rimraf set size:undefined disposed:false
23 silly placeDep ROOT rimraf@6.0.1 OK for:  want: 6.0.1
24 silly fetch manifest glob@^11.0.0
25 silly packumentCache full:https://registry.npmjs.org/glob cache-miss
26 silly fetch manifest package-json-from-dist@^1.0.0
27 silly packumentCache full:https://registry.npmjs.org/package-json-from-dist cache-miss
28 http fetch GET 200 https://registry.npmjs.org/glob 135ms (cache miss)
29 silly packumentCache full:https://registry.npmjs.org/glob set size:undefined disposed:false
30 http fetch GET 200 https://registry.npmjs.org/package-json-from-dist 248ms (cache miss)
31 silly packumentCache full:https://registry.npmjs.org/package-json-from-dist set size:undefined disposed:false
32 silly placeDep ROOT glob@11.0.3 OK for: rimraf@6.0.1 want: ^11.0.0
33 silly placeDep ROOT package-json-from-dist@1.0.1 OK for: rimraf@6.0.1 want: ^1.0.0
34 silly fetch manifest foreground-child@^3.3.1
35 silly packumentCache full:https://registry.npmjs.org/foreground-child cache-miss
36 silly fetch manifest jackspeak@^4.1.1
37 silly packumentCache full:https://registry.npmjs.org/jackspeak cache-miss
38 silly fetch manifest minimatch@^10.0.3
39 silly packumentCache full:https://registry.npmjs.org/minimatch cache-miss
40 silly fetch manifest minipass@^7.1.2
41 silly packumentCache full:https://registry.npmjs.org/minipass cache-miss
42 silly fetch manifest path-scurry@^2.0.0
43 silly packumentCache full:https://registry.npmjs.org/path-scurry cache-miss
44 http cache https://registry.npmjs.org/minimatch 15ms (cache hit)
45 silly packumentCache full:https://registry.npmjs.org/minimatch set size:303959 disposed:false
46 http fetch GET 200 https://registry.npmjs.org/foreground-child 145ms (cache miss)
47 silly packumentCache full:https://registry.npmjs.org/foreground-child set size:undefined disposed:false
48 http fetch GET 200 https://registry.npmjs.org/jackspeak 145ms (cache miss)
49 silly packumentCache full:https://registry.npmjs.org/jackspeak set size:undefined disposed:false
50 http fetch GET 200 https://registry.npmjs.org/path-scurry 274ms (cache miss)
51 silly packumentCache full:https://registry.npmjs.org/path-scurry set size:undefined disposed:false
52 http fetch GET 200 https://registry.npmjs.org/minipass 323ms (cache miss)
53 silly packumentCache full:https://registry.npmjs.org/minipass set size:undefined disposed:false
54 silly placeDep ROOT foreground-child@3.3.1 OK for: glob@11.0.3 want: ^3.3.1
55 silly placeDep ROOT jackspeak@4.1.1 OK for: glob@11.0.3 want: ^4.1.1
56 silly placeDep ROOT minimatch@10.1.1 OK for: glob@11.0.3 want: ^10.0.3
57 silly placeDep ROOT minipass@7.1.2 OK for: glob@11.0.3 want: ^7.1.2
58 silly placeDep ROOT path-scurry@2.0.0 OK for: glob@11.0.3 want: ^2.0.0
59 silly fetch manifest cross-spawn@^7.0.6
60 silly packumentCache full:https://registry.npmjs.org/cross-spawn cache-miss
61 silly fetch manifest signal-exit@^4.0.1
62 silly packumentCache full:https://registry.npmjs.org/signal-exit cache-miss
63 silly fetch manifest @isaacs/cliui@^8.0.2
64 silly packumentCache full:https://registry.npmjs.org/@isaacs%2fcliui cache-miss
65 silly fetch manifest @isaacs/brace-expansion@^5.0.0
66 silly packumentCache full:https://registry.npmjs.org/@isaacs%2fbrace-expansion cache-miss
67 silly fetch manifest lru-cache@^11.0.0
68 silly packumentCache full:https://registry.npmjs.org/lru-cache cache-miss
69 http cache https://registry.npmjs.org/cross-spawn 38ms (cache hit)
70 silly packumentCache full:https://registry.npmjs.org/cross-spawn set size:109066 disposed:false
71 http fetch GET 200 https://registry.npmjs.org/signal-exit 108ms (cache revalidated)
72 silly packumentCache full:https://registry.npmjs.org/signal-exit set size:53489 disposed:false
73 http fetch GET 200 https://registry.npmjs.org/@isaacs%2fcliui 110ms (cache miss)
74 silly packumentCache full:https://registry.npmjs.org/@isaacs%2fcliui set size:undefined disposed:false
75 http fetch GET 200 https://registry.npmjs.org/lru-cache 127ms (cache revalidated)
76 silly packumentCache full:https://registry.npmjs.org/lru-cache set size:400387 disposed:false
77 http fetch GET 200 https://registry.npmjs.org/@isaacs%2fbrace-expansion 143ms (cache revalidated)
78 silly packumentCache full:https://registry.npmjs.org/@isaacs%2fbrace-expansion set size:4999 disposed:false
79 silly placeDep ROOT cross-spawn@7.0.6 OK for: foreground-child@3.3.1 want: ^7.0.6
80 silly placeDep ROOT signal-exit@4.1.0 OK for: foreground-child@3.3.1 want: ^4.0.1
81 silly fetch manifest which@^2.0.1
82 silly packumentCache full:https://registry.npmjs.org/which cache-miss
83 silly fetch manifest path-key@^3.1.0
84 silly packumentCache full:https://registry.npmjs.org/path-key cache-miss
85 silly fetch manifest shebang-command@^2.0.0
86 silly packumentCache full:https://registry.npmjs.org/shebang-command cache-miss
87 http cache https://registry.npmjs.org/path-key 22ms (cache hit)
88 silly packumentCache full:https://registry.npmjs.org/path-key set size:16975 disposed:false
89 http cache https://registry.npmjs.org/which 25ms (cache hit)
90 silly packumentCache full:https://registry.npmjs.org/which set size:62722 disposed:false
91 http cache https://registry.npmjs.org/shebang-command 27ms (cache hit)
92 silly packumentCache full:https://registry.npmjs.org/shebang-command set size:8525 disposed:false
93 silly placeDep ROOT path-key@3.1.1 OK for: cross-spawn@7.0.6 want: ^3.1.0
94 silly placeDep ROOT shebang-command@2.0.0 OK for: cross-spawn@7.0.6 want: ^2.0.0
95 silly placeDep ROOT which@2.0.2 OK for: cross-spawn@7.0.6 want: ^2.0.1
96 silly fetch manifest shebang-regex@^3.0.0
97 silly packumentCache full:https://registry.npmjs.org/shebang-regex cache-miss
98 silly fetch manifest isexe@^2.0.0
99 silly packumentCache full:https://registry.npmjs.org/isexe cache-miss
100 http cache https://registry.npmjs.org/isexe 9ms (cache hit)
101 silly packumentCache full:https://registry.npmjs.org/isexe set size:19340 disposed:false
102 http cache https://registry.npmjs.org/shebang-regex 11ms (cache hit)
103 silly packumentCache full:https://registry.npmjs.org/shebang-regex set size:9763 disposed:false
104 silly placeDep ROOT @isaacs/cliui@8.0.2 OK for: jackspeak@4.1.1 want: ^8.0.2
105 silly fetch manifest string-width@^5.1.2
106 silly packumentCache full:https://registry.npmjs.org/string-width cache-miss
107 silly fetch manifest string-width-cjs@npm:string-width@^4.2.0
108 silly packumentCache full:https://registry.npmjs.org/string-width cache-miss
109 silly fetch manifest strip-ansi@^7.0.1
110 silly packumentCache full:https://registry.npmjs.org/strip-ansi cache-miss
111 silly fetch manifest strip-ansi-cjs@npm:strip-ansi@^6.0.1
112 silly packumentCache full:https://registry.npmjs.org/strip-ansi cache-miss
113 silly fetch manifest wrap-ansi@^8.1.0
114 silly packumentCache full:https://registry.npmjs.org/wrap-ansi cache-miss
115 silly fetch manifest wrap-ansi-cjs@npm:wrap-ansi@^7.0.0
116 silly packumentCache full:https://registry.npmjs.org/wrap-ansi cache-miss
117 http fetch GET 200 https://registry.npmjs.org/wrap-ansi 76ms (cache revalidated)
118 silly packumentCache full:https://registry.npmjs.org/wrap-ansi set size:51195 disposed:false
119 http fetch GET 200 https://registry.npmjs.org/string-width 78ms (cache revalidated)
120 silly packumentCache full:https://registry.npmjs.org/string-width set size:64158 disposed:false
121 http fetch GET 200 https://registry.npmjs.org/strip-ansi 88ms (cache revalidated)
122 silly packumentCache full:https://registry.npmjs.org/strip-ansi set size:41855 disposed:false
123 http fetch GET 200 https://registry.npmjs.org/wrap-ansi 90ms (cache revalidated)
124 silly packumentCache full:https://registry.npmjs.org/wrap-ansi set size:51195 disposed:false
125 silly packumentCache full:https://registry.npmjs.org/wrap-ansi dispose
126 http fetch GET 200 https://registry.npmjs.org/strip-ansi 236ms (cache revalidated)
127 silly packumentCache full:https://registry.npmjs.org/strip-ansi set size:41855 disposed:false
128 silly packumentCache full:https://registry.npmjs.org/strip-ansi dispose
129 http fetch GET 200 https://registry.npmjs.org/string-width 258ms (cache revalidated)
130 silly packumentCache full:https://registry.npmjs.org/string-width set size:64158 disposed:false
131 silly packumentCache full:https://registry.npmjs.org/string-width dispose
132 silly placeDep ROOT string-width@5.1.2 OK for: @isaacs/cliui@8.0.2 want: ^5.1.2
133 silly placeDep ROOT string-width-cjs@4.2.3 OK for: @isaacs/cliui@8.0.2 want: npm:string-width@^4.2.0
134 silly placeDep ROOT strip-ansi@7.1.2 OK for: @isaacs/cliui@8.0.2 want: ^7.0.1
135 silly placeDep ROOT strip-ansi-cjs@6.0.1 OK for: @isaacs/cliui@8.0.2 want: npm:strip-ansi@^6.0.1
136 silly placeDep ROOT wrap-ansi@8.1.0 OK for: @isaacs/cliui@8.0.2 want: ^8.1.0
137 silly placeDep ROOT wrap-ansi-cjs@7.0.0 OK for: @isaacs/cliui@8.0.2 want: npm:wrap-ansi@^7.0.0
138 silly fetch manifest emoji-regex@^9.2.2
139 silly packumentCache full:https://registry.npmjs.org/emoji-regex cache-miss
140 silly fetch manifest eastasianwidth@^0.2.0
141 silly packumentCache full:https://registry.npmjs.org/eastasianwidth cache-miss
142 silly fetch manifest strip-ansi@^6.0.1
143 silly packumentCache full:https://registry.npmjs.org/strip-ansi cache-hit
144 silly fetch manifest emoji-regex@^8.0.0
145 silly packumentCache full:https://registry.npmjs.org/emoji-regex cache-miss
146 silly fetch manifest is-fullwidth-code-point@^3.0.0
147 silly packumentCache full:https://registry.npmjs.org/is-fullwidth-code-point cache-miss
148 silly fetch manifest ansi-regex@^6.0.1
149 silly packumentCache full:https://registry.npmjs.org/ansi-regex cache-miss
150 silly fetch manifest ansi-regex@^5.0.1
151 silly packumentCache full:https://registry.npmjs.org/ansi-regex cache-miss
152 silly fetch manifest ansi-styles@^6.1.0
153 silly packumentCache full:https://registry.npmjs.org/ansi-styles cache-miss
154 silly fetch manifest strip-ansi@^6.0.0
155 silly packumentCache full:https://registry.npmjs.org/strip-ansi cache-hit
156 silly fetch manifest ansi-styles@^4.0.0
157 silly packumentCache full:https://registry.npmjs.org/ansi-styles cache-miss
158 silly fetch manifest string-width@^4.1.0
159 silly packumentCache full:https://registry.npmjs.org/string-width cache-hit
160 http cache https://registry.npmjs.org/emoji-regex 33ms (cache hit)
161 silly packumentCache full:https://registry.npmjs.org/emoji-regex set size:89088 disposed:false
162 http cache https://registry.npmjs.org/emoji-regex 34ms (cache hit)
163 silly packumentCache full:https://registry.npmjs.org/emoji-regex set size:89088 disposed:false
164 silly packumentCache full:https://registry.npmjs.org/emoji-regex dispose
165 http cache https://registry.npmjs.org/ansi-styles 36ms (cache hit)
166 silly packumentCache full:https://registry.npmjs.org/ansi-styles set size:63233 disposed:false
167 http cache https://registry.npmjs.org/ansi-styles 37ms (cache hit)
168 silly packumentCache full:https://registry.npmjs.org/ansi-styles set size:63233 disposed:false
169 silly packumentCache full:https://registry.npmjs.org/ansi-styles dispose
170 http fetch GET 200 https://registry.npmjs.org/eastasianwidth 79ms (cache miss)
171 silly packumentCache full:https://registry.npmjs.org/eastasianwidth set size:undefined disposed:false
172 http fetch GET 200 https://registry.npmjs.org/ansi-regex 103ms (cache revalidated)
173 silly packumentCache full:https://registry.npmjs.org/ansi-regex set size:43572 disposed:false
174 http fetch GET 200 https://registry.npmjs.org/ansi-regex 129ms (cache revalidated)
175 silly packumentCache full:https://registry.npmjs.org/ansi-regex set size:43572 disposed:false
176 silly packumentCache full:https://registry.npmjs.org/ansi-regex dispose
177 http fetch GET 200 https://registry.npmjs.org/is-fullwidth-code-point 136ms (cache revalidated)
178 silly packumentCache full:https://registry.npmjs.org/is-fullwidth-code-point set size:14578 disposed:false
179 silly placeDep ROOT @isaacs/brace-expansion@5.0.0 OK for: minimatch@10.1.1 want: ^5.0.0
180 silly fetch manifest @isaacs/balanced-match@^4.0.1
181 silly packumentCache full:https://registry.npmjs.org/@isaacs%2fbalanced-match cache-miss
182 http fetch GET 200 https://registry.npmjs.org/@isaacs%2fbalanced-match 132ms (cache revalidated)
183 silly packumentCache full:https://registry.npmjs.org/@isaacs%2fbalanced-match set size:7823 disposed:false
184 silly placeDep ROOT @isaacs/balanced-match@4.0.1 OK for: @isaacs/brace-expansion@5.0.0 want: ^4.0.1
185 silly placeDep ROOT lru-cache@11.2.2 OK for: path-scurry@2.0.0 want: ^11.0.0
186 silly placeDep ROOT shebang-regex@3.0.0 OK for: shebang-command@2.0.0 want: ^3.0.0
187 silly placeDep ROOT eastasianwidth@0.2.0 OK for: string-width@5.1.2 want: ^0.2.0
188 silly placeDep ROOT emoji-regex@9.2.2 OK for: string-width@5.1.2 want: ^9.2.2
189 silly placeDep node_modules/string-width-cjs emoji-regex@8.0.0 OK for: string-width@4.2.3 want: ^8.0.0
190 silly placeDep ROOT is-fullwidth-code-point@3.0.0 OK for: string-width@4.2.3 want: ^3.0.0
191 silly placeDep node_modules/string-width-cjs strip-ansi@6.0.1 OK for: string-width@4.2.3 want: ^6.0.1
192 silly placeDep ROOT ansi-regex@6.2.2 OK for: strip-ansi@7.1.2 want: ^6.0.1
193 silly placeDep node_modules/strip-ansi-cjs ansi-regex@5.0.1 OK for: strip-ansi@6.0.1 want: ^5.0.1
194 silly placeDep ROOT isexe@2.0.0 OK for: which@2.0.2 want: ^2.0.0
195 silly placeDep ROOT ansi-styles@6.2.3 OK for: wrap-ansi@8.1.0 want: ^6.1.0
196 silly placeDep node_modules/wrap-ansi-cjs ansi-styles@4.3.0 OK for: wrap-ansi@7.0.0 want: ^4.0.0
197 silly placeDep node_modules/wrap-ansi-cjs string-width@4.2.3 OK for: wrap-ansi@7.0.0 want: ^4.1.0
198 silly placeDep node_modules/wrap-ansi-cjs strip-ansi@6.0.1 OK for: wrap-ansi@7.0.0 want: ^6.0.0
199 silly fetch manifest color-convert@^2.0.1
200 silly packumentCache full:https://registry.npmjs.org/color-convert cache-miss
201 http cache https://registry.npmjs.org/color-convert 18ms (cache hit)
202 silly packumentCache full:https://registry.npmjs.org/color-convert set size:70744 disposed:false
203 silly placeDep node_modules/string-width-cjs ansi-regex@5.0.1 OK for: strip-ansi@6.0.1 want: ^5.0.1
204 silly placeDep ROOT color-convert@2.0.1 OK for: ansi-styles@4.3.0 want: ^2.0.1
205 silly fetch manifest color-name@~1.1.4
206 silly packumentCache full:https://registry.npmjs.org/color-name cache-miss
207 http cache https://registry.npmjs.org/color-name 4ms (cache hit)
208 silly packumentCache full:https://registry.npmjs.org/color-name set size:17921 disposed:false
209 silly placeDep ROOT color-name@1.1.4 OK for: color-convert@2.0.1 want: ~1.1.4
210 silly placeDep node_modules/wrap-ansi-cjs emoji-regex@8.0.0 OK for: string-width@4.2.3 want: ^8.0.0
211 silly placeDep node_modules/wrap-ansi-cjs ansi-regex@5.0.1 OK for: strip-ansi@6.0.1 want: ^5.0.1
212 silly reify moves {}
213 silly audit bulk request {
213 silly audit   rimraf: [ '6.0.1' ],
213 silly audit   glob: [ '11.0.3' ],
213 silly audit   'package-json-from-dist': [ '1.0.1' ],
213 silly audit   'foreground-child': [ '3.3.1' ],
213 silly audit   jackspeak: [ '4.1.1' ],
213 silly audit   minimatch: [ '10.1.1' ],
213 silly audit   minipass: [ '7.1.2' ],
213 silly audit   'path-scurry': [ '2.0.0' ],
213 silly audit   'cross-spawn': [ '7.0.6' ],
213 silly audit   'signal-exit': [ '4.1.0' ],
213 silly audit   'path-key': [ '3.1.1' ],
213 silly audit   'shebang-command': [ '2.0.0' ],
213 silly audit   which: [ '2.0.2' ],
213 silly audit   '@isaacs/cliui': [ '8.0.2' ],
213 silly audit   'string-width': [ '5.1.2', '4.2.3' ],
213 silly audit   'strip-ansi': [ '7.1.2', '6.0.1' ],
213 silly audit   'wrap-ansi': [ '8.1.0', '7.0.0' ],
213 silly audit   '@isaacs/brace-expansion': [ '5.0.0' ],
213 silly audit   '@isaacs/balanced-match': [ '4.0.1' ],
213 silly audit   'lru-cache': [ '11.2.2' ],
213 silly audit   'shebang-regex': [ '3.0.0' ],
213 silly audit   eastasianwidth: [ '0.2.0' ],
213 silly audit   'emoji-regex': [ '9.2.2', '8.0.0' ],
213 silly audit   'is-fullwidth-code-point': [ '3.0.0' ],
213 silly audit   'ansi-regex': [ '6.2.2', '5.0.1' ],
213 silly audit   isexe: [ '2.0.0' ],
213 silly audit   'ansi-styles': [ '6.2.3', '4.3.0' ],
213 silly audit   'color-convert': [ '2.0.1' ],
213 silly audit   'color-name': [ '1.1.4' ]
213 silly audit }
214 http cache color-name@https://registry.npmjs.org/color-name/-/color-name-1.1.4.tgz 0ms (cache hit)
215 http cache color-convert@https://registry.npmjs.org/color-convert/-/color-convert-2.0.1.tgz 0ms (cache hit)
216 http cache isexe@https://registry.npmjs.org/isexe/-/isexe-2.0.0.tgz 0ms (cache hit)
217 http cache ansi-regex@https://registry.npmjs.org/ansi-regex/-/ansi-regex-6.2.2.tgz 0ms (cache hit)
218 http cache ansi-styles@https://registry.npmjs.org/ansi-styles/-/ansi-styles-6.2.3.tgz 0ms (cache hit)
219 http cache is-fullwidth-code-point@https://registry.npmjs.org/is-fullwidth-code-point/-/is-fullwidth-code-point-3.0.0.tgz 0ms (cache hit)
220 http cache emoji-regex@https://registry.npmjs.org/emoji-regex/-/emoji-regex-9.2.2.tgz 0ms (cache hit)
221 http cache eastasianwidth@https://registry.npmjs.org/eastasianwidth/-/eastasianwidth-0.2.0.tgz 0ms (cache hit)
222 http cache @isaacs/balanced-match@https://registry.npmjs.org/@isaacs/balanced-match/-/balanced-match-4.0.1.tgz 0ms (cache hit)
223 http cache shebang-regex@https://registry.npmjs.org/shebang-regex/-/shebang-regex-3.0.0.tgz 0ms (cache hit)
224 http cache lru-cache@https://registry.npmjs.org/lru-cache/-/lru-cache-11.2.2.tgz 0ms (cache hit)
225 http cache @isaacs/brace-expansion@https://registry.npmjs.org/@isaacs/brace-expansion/-/brace-expansion-5.0.0.tgz 0ms (cache hit)
226 http cache strip-ansi@https://registry.npmjs.org/strip-ansi/-/strip-ansi-7.1.2.tgz 0ms (cache hit)
227 http cache strip-ansi-cjs@https://registry.npmjs.org/strip-ansi/-/strip-ansi-6.0.1.tgz 0ms (cache hit)
228 http cache wrap-ansi-cjs@https://registry.npmjs.org/wrap-ansi/-/wrap-ansi-7.0.0.tgz 0ms (cache hit)
229 http cache wrap-ansi@https://registry.npmjs.org/wrap-ansi/-/wrap-ansi-8.1.0.tgz 0ms (cache hit)
230 http cache @isaacs/cliui@https://registry.npmjs.org/@isaacs/cliui/-/cliui-8.0.2.tgz 0ms (cache hit)
231 http cache string-width-cjs@https://registry.npmjs.org/string-width/-/string-width-4.2.3.tgz 0ms (cache hit)
232 http cache which@https://registry.npmjs.org/which/-/which-2.0.2.tgz 0ms (cache hit)
233 http cache string-width@https://registry.npmjs.org/string-width/-/string-width-5.1.2.tgz 0ms (cache hit)
234 http cache shebang-command@https://registry.npmjs.org/shebang-command/-/shebang-command-2.0.0.tgz 0ms (cache hit)
235 http cache path-key@https://registry.npmjs.org/path-key/-/path-key-3.1.1.tgz 0ms (cache hit)
236 http cache signal-exit@https://registry.npmjs.org/signal-exit/-/signal-exit-4.1.0.tgz 0ms (cache hit)
237 http cache cross-spawn@https://registry.npmjs.org/cross-spawn/-/cross-spawn-7.0.6.tgz 0ms (cache hit)
238 http cache minipass@https://registry.npmjs.org/minipass/-/minipass-7.1.2.tgz 0ms (cache hit)
239 http cache minimatch@https://registry.npmjs.org/minimatch/-/minimatch-10.1.1.tgz 0ms (cache hit)
240 http cache path-scurry@https://registry.npmjs.org/path-scurry/-/path-scurry-2.0.0.tgz 0ms (cache hit)
241 http cache package-json-from-dist@https://registry.npmjs.org/package-json-from-dist/-/package-json-from-dist-1.0.1.tgz 0ms (cache hit)
242 http cache foreground-child@https://registry.npmjs.org/foreground-child/-/foreground-child-3.3.1.tgz 0ms (cache hit)
243 http cache glob@https://registry.npmjs.org/glob/-/glob-11.0.3.tgz 0ms (cache hit)
244 http cache rimraf@https://registry.npmjs.org/rimraf/-/rimraf-6.0.1.tgz 0ms (cache hit)
245 http cache emoji-regex@https://registry.npmjs.org/emoji-regex/-/emoji-regex-8.0.0.tgz 0ms (cache hit)
246 http cache jackspeak@https://registry.npmjs.org/jackspeak/-/jackspeak-4.1.1.tgz 0ms (cache hit)
247 http cache ansi-regex@https://registry.npmjs.org/ansi-regex/-/ansi-regex-5.0.1.tgz 0ms (cache hit)
248 http cache string-width@https://registry.npmjs.org/string-width/-/string-width-4.2.3.tgz 0ms (cache hit)
249 http cache ansi-styles@https://registry.npmjs.org/ansi-styles/-/ansi-styles-4.3.0.tgz 0ms (cache hit)
250 http cache strip-ansi@https://registry.npmjs.org/strip-ansi/-/strip-ansi-6.0.1.tgz 0ms (cache hit)
251 http cache ansi-regex@https://registry.npmjs.org/ansi-regex/-/ansi-regex-5.0.1.tgz 0ms (cache hit)
252 silly tarball no local data for ansi-styles@https://registry.npmjs.org/ansi-styles/-/ansi-styles-6.2.3.tgz. Extracting by manifest.
253 silly tarball no local data for eastasianwidth@https://registry.npmjs.org/eastasianwidth/-/eastasianwidth-0.2.0.tgz. Extracting by manifest.
254 silly tarball no local data for lru-cache@https://registry.npmjs.org/lru-cache/-/lru-cache-11.2.2.tgz. Extracting by manifest.
255 http cache emoji-regex@https://registry.npmjs.org/emoji-regex/-/emoji-regex-8.0.0.tgz 0ms (cache hit)
256 silly tarball no local data for wrap-ansi@https://registry.npmjs.org/wrap-ansi/-/wrap-ansi-8.1.0.tgz. Extracting by manifest.
257 silly tarball no local data for @isaacs/cliui@https://registry.npmjs.org/@isaacs/cliui/-/cliui-8.0.2.tgz. Extracting by manifest.
258 silly tarball no local data for string-width@https://registry.npmjs.org/string-width/-/string-width-5.1.2.tgz. Extracting by manifest.
259 http cache ansi-regex@https://registry.npmjs.org/ansi-regex/-/ansi-regex-5.0.1.tgz 0ms (cache hit)
260 http cache strip-ansi@https://registry.npmjs.org/strip-ansi/-/strip-ansi-6.0.1.tgz 0ms (cache hit)
261 silly tarball no local data for minipass@https://registry.npmjs.org/minipass/-/minipass-7.1.2.tgz. Extracting by manifest.
262 silly tarball no local data for minimatch@https://registry.npmjs.org/minimatch/-/minimatch-10.1.1.tgz. Extracting by manifest.
263 silly tarball no local data for path-scurry@https://registry.npmjs.org/path-scurry/-/path-scurry-2.0.0.tgz. Extracting by manifest.
264 silly tarball no local data for package-json-from-dist@https://registry.npmjs.org/package-json-from-dist/-/package-json-from-dist-1.0.1.tgz. Extracting by manifest.
265 silly tarball no local data for foreground-child@https://registry.npmjs.org/foreground-child/-/foreground-child-3.3.1.tgz. Extracting by manifest.
266 silly tarball no local data for glob@https://registry.npmjs.org/glob/-/glob-11.0.3.tgz. Extracting by manifest.
267 silly tarball no local data for rimraf@https://registry.npmjs.org/rimraf/-/rimraf-6.0.1.tgz. Extracting by manifest.
268 silly tarball no local data for jackspeak@https://registry.npmjs.org/jackspeak/-/jackspeak-4.1.1.tgz. Extracting by manifest.
269 http fetch GET 200 https://registry.npmjs.org/eastasianwidth/-/eastasianwidth-0.2.0.tgz 101ms (cache miss)
270 http fetch GET 200 https://registry.npmjs.org/wrap-ansi/-/wrap-ansi-8.1.0.tgz 105ms (cache miss)
271 http fetch GET 200 https://registry.npmjs.org/ansi-styles/-/ansi-styles-6.2.3.tgz 121ms (cache miss)
272 http fetch GET 200 https://registry.npmjs.org/@isaacs/cliui/-/cliui-8.0.2.tgz 126ms (cache miss)
273 http fetch GET 200 https://registry.npmjs.org/lru-cache/-/lru-cache-11.2.2.tgz 170ms (cache miss)
274 http fetch POST 200 https://registry.npmjs.org/-/npm/v1/security/advisories/bulk 278ms
275 silly audit report {}
276 http fetch GET 200 https://registry.npmjs.org/string-width/-/string-width-5.1.2.tgz 271ms (cache miss)
277 http fetch GET 200 https://registry.npmjs.org/package-json-from-dist/-/package-json-from-dist-1.0.1.tgz 299ms (cache miss)
278 http fetch GET 200 https://registry.npmjs.org/minipass/-/minipass-7.1.2.tgz 313ms (cache miss)
279 http fetch GET 200 https://registry.npmjs.org/jackspeak/-/jackspeak-4.1.1.tgz 315ms (cache miss)
280 http fetch GET 200 https://registry.npmjs.org/path-scurry/-/path-scurry-2.0.0.tgz 327ms (cache miss)
281 http fetch GET 200 https://registry.npmjs.org/foreground-child/-/foreground-child-3.3.1.tgz 333ms (cache miss)
282 http fetch GET 200 https://registry.npmjs.org/minimatch/-/minimatch-10.1.1.tgz 361ms (cache miss)
283 http fetch GET 200 https://registry.npmjs.org/glob/-/glob-11.0.3.tgz 374ms (cache miss)
284 http fetch GET 200 https://registry.npmjs.org/rimraf/-/rimraf-6.0.1.tgz 417ms (cache miss)
285 verbose cwd C:\CODE PROJECT\Tool Make\tool-gsuite-edu\Client
286 verbose os Windows_NT 10.0.26100
287 verbose node v22.14.0
288 verbose npm  v11.4.0
289 verbose exit 0
290 info ok
