0 verbose cli /opt/homebrew/Cellar/node/24.3.0/bin/node /opt/homebrew/lib/node_modules/npm/bin/npm-cli.js
1 info using npm@11.4.2
2 info using node@v24.3.0
3 silly config load:file:/opt/homebrew/lib/node_modules/npm/npmrc
4 silly config load:file:/Users/vuducanh/Desktop/Tool Gsuite/Client/.npmrc
5 silly config load:file:/Users/vuducanh/.npmrc
6 silly config load:file:/opt/homebrew/etc/npmrc
7 verbose title npm exec shadcn@latest add form input label toast
8 verbose argv "exec" "--yes" "--" "shadcn@latest" "add" "form" "input" "label" "toast"
9 verbose logfile logs-max:10 dir:/Users/vuducanh/Desktop/Tool Gsuite/client/.npm-cache/_logs/2025-10-12T17_19_54_990Z-
10 verbose logfile /Users/vuducanh/Desktop/Tool Gsuite/client/.npm-cache/_logs/2025-10-12T17_19_54_990Z-debug-0.log
11 silly logfile start cleaning logs, removing 1 files
12 silly logfile done cleaning log files
13 silly packumentCache heap:4496293888 maxSize:1124073472 maxEntrySize:562036736
14 http fetch GET 200 https://registry.npmjs.org/shadcn 200ms (cache revalidated)
15 silly packumentCache heap:4496293888 maxSize:1124073472 maxEntrySize:562036736
16 silly packumentCache heap:4496293888 maxSize:1124073472 maxEntrySize:562036736
17 verbose cwd /Users/vuducanh/Desktop/Tool Gsuite/Client
18 verbose os Darwin 23.6.0
19 verbose node v24.3.0
20 verbose npm  v11.4.2
21 verbose exit 1
22 verbose code 1
